<html>
<body>
<pre>
<h1>µVision Build Log</h1>
<h2>Tool Versions:</h2>
IDE-Version: µVision V5.43.1.0
Copyright (C) 2025 ARM Ltd and ARM Germany GmbH. All rights reserved.
License Information: Ibrahim Hassan, Hochschule Anhalt, LIC=----
 
Tool Versions:
Toolchain:       MDK-Lite  Version: 5.43.0.0
Toolchain Path:  C:\Users\eghem\AppData\Local\Keil_v5\ARM\ARMCLANG\Bin
C Compiler:      ArmClang.exe V6.24
Assembler:       Armasm.exe V6.24
Linker/Locator:  ArmLink.exe V6.24
Library Manager: ArmAr.exe V6.24
Hex Converter:   FromElf.exe V6.24
CPU DLL:         SARMCM3.DLL V5.43.0.0
Dialog DLL:      DARMCM1.DLL V1.19.6.0
Target DLL:      STLink\ST-LINKIII-KEIL_SWO.dll V3.3.1.0
Dialog DLL:      TARMCM1.DLL V1.14.6.0
 
<h2>Project:</h2>
C:\Users\eghem\OneDrive\Desktop\Nucleo-c031c6\project_i2c\STM32_C031C6_RTC_DS1307_Driver\project_RTC_DS1307\project_RTC_DS1307.uvprojx
Project File Date:  07/11/2026

<h2>Output:</h2>
*** Using Compiler 'V6.24', folder: 'C:\Users\eghem\AppData\Local\Keil_v5\ARM\ARMCLANG\Bin'
Rebuild target 'debug'
compiling main.c...
compiling button.c...
compiling bsp.c...
compiling systick.c...
compiling i2c_rtc.c...
compiling uart.c...
assembling startup_stm32c031xx.s...
compiling system_stm32c0xx.c...
linking...
Program Size: Code=17444 RO-data=1368 RW-data=68 ZI-data=2276  
FromELF: creating hex file...
".\Objects\project_RTC_DS1307.axf" - 0 Error(s), 0 Warning(s).

<h2>Software Packages used:</h2>

Package Vendor: Keil
                https://www.keil.com/pack/Keil.STM32C0xx_DFP.2.4.0.pack
                Keil::STM32C0xx_DFP@2.4.0
                STMicroelectronics STM32C0 Series Device Support

<h2>Collection of Component include folders:</h2>

<h2>Collection of Component Files used:</h2>
Build Time Elapsed:  00:00:01
</pre>
</body>
</html>
